// Jest Snapshot v1, https://goo.gl/fbAQLP

exports[`SearchWidget renders a search widget component 1`] = `
<form
  action="/search"
  className="ui form"
  onSubmit={[Function]}
>
  <div
    className="field searchbox"
  >
    <div
      className="ui transparent input"
    >
      <input
        name="SearchableText"
        onChange={[Function]}
        placeholder="Search Site"
        title="Search"
        type="text"
        value=""
      />
    </div>
    <button>
      <svg
        className="icon"
        dangerouslySetInnerHTML={
          Object {
            "__html": undefined,
          }
        }
        onClick={null}
        style={
          Object {
            "fill": "currentColor",
            "height": "18px",
            "width": "auto",
          }
        }
        viewBox=""
        xmlns=""
      />
    </button>
  </div>
</form>
`;
