// Jest Snapshot v1, https://goo.gl/fbAQLP

exports[`Login renders a login component 1`] = `
<div
  id="page-login"
>
  <div
    className="ui text container"
  >
    <form
      className="ui form"
      method="post"
      onSubmit={[Function]}
    >
      <div
        className="ui raised segments"
      >
        <div
          className="ui segment primary"
        >
          <span>
            Login Name
          </span>
        </div>
        <div
          className="ui secondary segment"
        >
          <span>
            Sign in to start session
          </span>
        </div>
        <div
          className="ui segment form"
        >
          <div
            className="inline field help"
          >
            <div
              className="ui grid"
            >
              <div
                className="stretched row"
              >
                <div
                  className="four wide column"
                >
                  <div
                    className="wrapper"
                  >
                    <label
                      htmlFor="login"
                    >
                      <span>
                        Login Name
                      </span>
                    </label>
                  </div>
                </div>
                <div
                  className="eight wide column"
                >
                  <div
                    className="ui input"
                  >
                    <input
                      autoFocus={true}
                      id="login"
                      name="login"
                      onChange={[Function]}
                      placeholder="Login Name"
                      type="text"
                    />
                  </div>
                </div>
              </div>
              <div
                className="stretched row"
              >
                <div
                  className="stretched twelve wide column"
                >
                  <p
                    className="help"
                  >
                    <span>
                      If you you do not have an account here, head over to the 
                      <a
                        href="/register"
                        onClick={[Function]}
                        tabIndex={1}
                      >
                        <span>
                          registration form
                        </span>
                      </a>
                      .
                    </span>
                  </p>
                </div>
              </div>
            </div>
          </div>
          <div
            className="inline field help"
          >
            <div
              className="ui grid"
            >
              <div
                className="stretched row"
              >
                <div
                  className="stretched four wide column"
                >
                  <div
                    className="wrapper"
                  >
                    <label
                      htmlFor="password"
                    >
                      <span>
                        Password
                      </span>
                    </label>
                  </div>
                </div>
                <div
                  className="stretched eight wide column"
                >
                  <div
                    className="ui input"
                  >
                    <input
                      id="password"
                      name="password"
                      onChange={[Function]}
                      placeholder="Password"
                      tabIndex={0}
                      type="password"
                    />
                  </div>
                </div>
              </div>
              <div
                className="stretched row"
              >
                <div
                  className="stretched twelve wide column"
                >
                  <p
                    className="help"
                  >
                    <span>
                      If you have forgotten your password, 
                      <a
                        href="/password-reset"
                        onClick={[Function]}
                      >
                        <span>
                          we can send you a new one
                        </span>
                      </a>
                    </span>
                  </p>
                </div>
              </div>
            </div>
          </div>
        </div>
        <div
          className="ui clearing segment actions"
        >
          <button
            className="ui big basic circular icon primary right floated button"
            id="login-form-submit"
            onClick={[Function]}
            title="Log in"
            type="submit"
          >
            <i
              aria-hidden="true"
              className="arrow right icon"
            />
          </button>
          <a
            className="ui big basic circular icon secondary right floated button"
            href="/"
            id="login-form-cancel"
            onClick={[Function]}
            role="button"
            title="Cancel"
          >
            <i
              aria-hidden="true"
              className="remove icon"
            />
          </a>
        </div>
      </div>
    </form>
  </div>
</div>
`;
