// Jest Snapshot v1, https://goo.gl/fbAQLP

exports[`UsersControlpanel renders a user control component 1`] = `
<div
  className="ui container"
  id="page-users"
>
  <div
    className="ui raised segments"
  >
    <div
      className="ui segment primary"
    >
      <span>
        Users and groups settings
      </span>
    </div>
    <div
      className="ui secondary segment"
    >
      <span>
        Users
      </span>
    </div>
    <div
      className="ui segment"
    >
      <form
        className="ui form"
        onSubmit={[Function]}
      >
        <div
          className="field"
        >
          <div
            className="ui action input"
          >
            <input
              name="SearchableText"
              onChange={[Function]}
              placeholder="Search users..."
              type="text"
            />
            <button
              className="ui icon button"
              onClick={[Function]}
            >
              <i
                aria-hidden="true"
                className="search icon"
              />
            </button>
          </div>
        </div>
      </form>
    </div>
    <form
      className="ui form"
      onSubmit={[Function]}
    >
      <table
        className="ui striped attached padded table"
      >
        <thead
          className=""
        >
          <tr
            className=""
          >
            <th
              className=""
            >
              <span>
                User name
              </span>
            </th>
          </tr>
        </thead>
        <tbody
          className=""
        />
      </table>
    </form>
  </div>
  <div
    id="Portal"
  />
</div>
`;
