// Jest Snapshot v1, https://goo.gl/fbAQLP

exports[`Row renders a row component 1`] = `
<div
  className="row"
>
  <div />
</div>
`;
