// Jest Snapshot v1, https://goo.gl/fbAQLP

exports[`renders an edit image tile component 1`] = `
<div
  className="tile image align center"
  onClick={[Function]}
  onKeyDown={[Function]}
  role="presentation"
  tabIndex={0}
>
  <p>
    <img
      alt=""
      src="image"
    />
  </p>
</div>
`;
