// Jest Snapshot v1, https://goo.gl/fbAQLP

exports[`renders a view image component 1`] = `
<p
  className="tile image align center"
>
  <img
    alt=""
    className="ui image"
    onClick={[Function]}
    onError={[Function]}
    onKeyDown={[Function]}
    onLoad={[Function]}
    onMouseDown={[Function]}
    src="image.jpg"
    style={
      Object {
        "cursor": "zoom-in",
      }
    }
    tabIndex={0}
  />
</p>
`;
