// Jest Snapshot v1, https://goo.gl/fbAQLP

exports[`renders a view hero component 1`] = `
<div
  className="tile hero"
>
  <div
    className="tile-inner-wrapper"
  >
    <img
      alt=""
      className="hero-image"
      src="heroimage.jpg/@@images/image"
    />
    <div
      className="hero-body"
    >
      <h1 />
      <p />
    </div>
  </div>
</div>
`;
