// Jest Snapshot v1, https://goo.gl/fbAQLP

exports[`Grid renders a grid component 1`] = `
<div
  className="ui grid mosaic"
>
  <div />
  <div />
</div>
`;
