// Jest Snapshot v1, https://goo.gl/fbAQLP

exports[`ChangePassword renders a change password component 1`] = `
<div
  className="ui container"
  id="page-change-password"
>
  <div
    className="ui stackable top attached tabular menu"
  >
    <a
      className="item"
      href="/personal-information"
      onClick={[Function]}
    >
      <span>
        Personal Information
      </span>
    </a>
    <a
      className="item"
      href="/personal-preferences"
      onClick={[Function]}
    >
      <span>
        Personal Preferences
      </span>
    </a>
    <div
      className="active item"
      onClick={[Function]}
    >
      Change Password
    </div>
  </div>
  <div
    className="ui container"
  >
    <form
      className="ui form"
      method="post"
      onSubmit={[Function]}
    >
      <div
        className="ui raised segments"
      >
        <div
          className="ui segment"
        >
          <div
            className="inline required field help"
            id="undefined-oldPassword"
          >
            <div
              className="ui grid"
            >
              <div
                className="stretched row"
              >
                <div
                  className="four wide column"
                >
                  <div
                    className="wrapper"
                  >
                    <label
                      htmlFor="field-oldPassword"
                    >
                      Current password
                    </label>
                  </div>
                </div>
                <div
                  className="eight wide column"
                >
                  <div
                    className="ui input"
                  >
                    <input
                      id="field-oldPassword"
                      name="oldPassword"
                      onChange={[Function]}
                      type="password"
                      value=""
                    />
                  </div>
                </div>
              </div>
              <div
                className="stretched row"
              >
                <div
                  className="stretched twelve wide column"
                >
                  <p
                    className="help"
                  >
                    Enter your current password.
                  </p>
                </div>
              </div>
            </div>
          </div>
          <div
            className="inline required field help"
            id="undefined-newPassword"
          >
            <div
              className="ui grid"
            >
              <div
                className="stretched row"
              >
                <div
                  className="four wide column"
                >
                  <div
                    className="wrapper"
                  >
                    <label
                      htmlFor="field-newPassword"
                    >
                      New password
                    </label>
                  </div>
                </div>
                <div
                  className="eight wide column"
                >
                  <div
                    className="ui input"
                  >
                    <input
                      id="field-newPassword"
                      name="newPassword"
                      onChange={[Function]}
                      type="password"
                      value=""
                    />
                  </div>
                </div>
              </div>
              <div
                className="stretched row"
              >
                <div
                  className="stretched twelve wide column"
                >
                  <p
                    className="help"
                  >
                    Enter your new password. Minimum 5 characters.
                  </p>
                </div>
              </div>
            </div>
          </div>
          <div
            className="inline required field help"
            id="undefined-newPasswordRepeat"
          >
            <div
              className="ui grid"
            >
              <div
                className="stretched row"
              >
                <div
                  className="four wide column"
                >
                  <div
                    className="wrapper"
                  >
                    <label
                      htmlFor="field-newPasswordRepeat"
                    >
                      Confirm password
                    </label>
                  </div>
                </div>
                <div
                  className="eight wide column"
                >
                  <div
                    className="ui input"
                  >
                    <input
                      id="field-newPasswordRepeat"
                      name="newPasswordRepeat"
                      onChange={[Function]}
                      type="password"
                      value=""
                    />
                  </div>
                </div>
              </div>
              <div
                className="stretched row"
              >
                <div
                  className="stretched twelve wide column"
                >
                  <p
                    className="help"
                  >
                    Re-enter the password. Make sure the passwords are identical.
                  </p>
                </div>
              </div>
            </div>
          </div>
        </div>
        <div
          className="ui clearing segment actions"
        >
          <button
            className="ui big basic circular icon primary right floated button"
            onClick={[Function]}
            title="Save"
            type="submit"
          >
            <i
              aria-hidden="true"
              className="arrow right icon"
            />
          </button>
          <button
            className="ui big basic circular icon secondary right floated button"
            onClick={[Function]}
            title="Cancel"
          >
            <i
              aria-hidden="true"
              className="remove icon"
            />
          </button>
        </div>
      </div>
    </form>
  </div>
  <div
    id="Portal"
  />
</div>
`;
