// Jest Snapshot v1, https://goo.gl/fbAQLP

exports[`ListingView renders a listing_view component 1`] = `
<div
  className="ui container"
  id="page-home"
>
  <section
    id="content-core"
  >
    <article>
      <h2>
        <a
          href="/item"
          onClick={[Function]}
          title="Document"
        >
          My item
        </a>
      </h2>
      <p>
        My item description
      </p>
    </article>
    <article>
      <h2>
        <a
          href="/item2"
          onClick={[Function]}
          title="Document"
        >
          Second item
        </a>
      </h2>
      <p>
        My second item description
      </p>
    </article>
  </section>
</div>
`;
