// Jest Snapshot v1, https://goo.gl/fbAQLP

exports[`Logo renders a logo component 1`] = `
<a
  href="/"
  onClick={[Function]}
  title="Site"
>
  <img
    alt="Plone Site"
    className="ui image"
    height={64}
    src="Logo.svg"
    title="Plone Site"
  />
</a>
`;
