// Jest Snapshot v1, https://goo.gl/fbAQLP

exports[`Html renders a html component 1`] = `
<html
  lang="en"
>
  <head>
    <meta
      charSet="utf-8"
    />
    
    
    
    
    
    <link
      href="/favicon.ico"
      rel="shortcut icon"
    />
    <meta
      content="width=device-width, initial-scale=1"
      name="viewport"
    />
    <link
      href="style.css"
      rel="stylesheet"
    />
    <script
      crossOrigin="true"
      defer={true}
      src="bundle.js"
    />
  </head>
  <body
    className="class1 class2"
  >
    <div
      id="toolbar"
    />
    <div
      dangerouslySetInnerHTML={
        Object {
          "__html": "<div />",
        }
      }
      id="main"
    />
    <script
      charSet="UTF-8"
      dangerouslySetInnerHTML={
        Object {
          "__html": "window.__data=undefined;",
        }
      }
    />
  </body>
</html>
`;
