// Jest Snapshot v1, https://goo.gl/fbAQLP

exports[`Diff renders a diff component 1`] = `
<div
  className="ui container"
  id="page-diff"
>
  <h1>
    <span>
      Difference between revision  and  of Blog
    </span>
  </h1>
  <div
    className="ui grid"
  >
    <div
      className="nine wide column"
    >
      <p
        className="description"
      >
        <span>
          You can view the difference of the revisions below.
        </span>
      </p>
    </div>
    <div
      className="right aligned three wide column"
    >
      <div
        className="ui buttons"
      >
        <button
          className="ui active button"
          onClick={[Function]}
          value="split"
        >
          Split
        </button>
        <button
          className="ui button"
          onClick={[Function]}
          value="unified"
        >
          Unified
        </button>
      </div>
    </div>
  </div>
  <table
    className="ui very basic table"
  >
    <thead
      className=""
    >
      <tr
        className=""
      >
        <th
          className="six wide"
        >
          <span>
            Base
          </span>
          <div
            aria-expanded={false}
            className="ui fluid selection dropdown"
            onBlur={[Function]}
            onChange={[Function]}
            onClick={[Function]}
            onFocus={[Function]}
            onMouseDown={[Function]}
            role="listbox"
            tabIndex={0}
          >
            <div
              aria-live="polite"
              className="text"
              role="alert"
            />
            <i
              aria-hidden="true"
              className="dropdown icon"
              onClick={[Function]}
            />
            <div
              className="menu transition"
            >
              <div
                aria-checked={false}
                aria-selected={true}
                className="selected item"
                onClick={[Function]}
                role="option"
                style={
                  Object {
                    "pointerEvents": "all",
                  }
                }
              >
                <span
                  className="text"
                >
                  Current (Sunday, April 23, 2017 3:38 AM, Web Admin)
                </span>
              </div>
              <div
                aria-checked={false}
                aria-selected={false}
                className="item"
                onClick={[Function]}
                role="option"
                style={
                  Object {
                    "pointerEvents": "all",
                  }
                }
              >
                <span
                  className="text"
                >
                  0 (Sunday, April 23, 2017 3:38 AM, Web Admin)
                </span>
              </div>
            </div>
          </div>
        </th>
        <th
          className="six wide"
        >
          <span>
            Compare
          </span>
          <div
            aria-expanded={false}
            className="ui fluid selection dropdown"
            onBlur={[Function]}
            onChange={[Function]}
            onClick={[Function]}
            onFocus={[Function]}
            onMouseDown={[Function]}
            role="listbox"
            tabIndex={0}
          >
            <div
              aria-live="polite"
              className="text"
              role="alert"
            />
            <i
              aria-hidden="true"
              className="dropdown icon"
              onClick={[Function]}
            />
            <div
              className="menu transition"
            >
              <div
                aria-checked={false}
                aria-selected={true}
                className="selected item"
                onClick={[Function]}
                role="option"
                style={
                  Object {
                    "pointerEvents": "all",
                  }
                }
              >
                <span
                  className="text"
                >
                  Current (Sunday, April 23, 2017 3:38 AM, Web Admin)
                </span>
              </div>
              <div
                aria-checked={false}
                aria-selected={false}
                className="item"
                onClick={[Function]}
                role="option"
                style={
                  Object {
                    "pointerEvents": "all",
                  }
                }
              >
                <span
                  className="text"
                >
                  0 (Sunday, April 23, 2017 3:38 AM, Web Admin)
                </span>
              </div>
            </div>
          </div>
        </th>
      </tr>
    </thead>
  </table>
  <table
    className="ui compact table"
  >
    <thead
      className=""
    >
      <tr
        className=""
      >
        <th
          className=""
          colSpan={2}
        >
          Title
        </th>
      </tr>
    </thead>
    <tbody
      className=""
    >
      <tr
        className=""
      >
        <td
          className="top aligned eight wide"
        >
          <span
            dangerouslySetInnerHTML={
              Object {
                "__html": "<span>My </span><span class=\\"deletion\\">old</span><span> title</span>",
              }
            }
          />
        </td>
        <td
          className="top aligned eight wide"
        >
          <span
            dangerouslySetInnerHTML={
              Object {
                "__html": "<span>My </span><span class=\\"addition\\">new</span><span> title</span><span class=\\"addition\\">,</span>",
              }
            }
          />
        </td>
      </tr>
    </tbody>
  </table>
  <div
    id="Portal"
  />
</div>
`;
