// Jest Snapshot v1, https://goo.gl/fbAQLP

exports[`renders a contents item component 1`] = `
<div
  className="item"
  onClick={[Function]}
  style={
    Object {
      "opacity": 1,
    }
  }
>
  <i
    aria-hidden="true"
    className="grey bars icon drag handle"
  />
  <a
    onClick={[Function]}
  >
    <i
      aria-hidden="true"
      className="blue write square large icon"
    />
  </a>
  <a
    onClick={[Function]}
  >
    <i
      aria-hidden="true"
      className="red close large icon"
    />
  </a>
</div>
`;
