// Jest Snapshot v1, https://goo.gl/fbAQLP

exports[`ContentsWorkflowModal renders a contents workflow modal component 1`] = `null`;
