// Jest Snapshot v1, https://goo.gl/fbAQLP

exports[`renders a schema widget component 1`] = `
<div>
  <div
    className="ui raised segments"
  >
    <div
      className="ui pointing secondary attached tabular menu"
    >
      <div
        className="item active"
        onClick={[Function]}
        style={
          Object {
            "opacity": 1,
          }
        }
      >
        <i
          aria-hidden="true"
          className="grey bars icon drag handle"
        />
        <a
          onClick={[Function]}
        >
          <i
            aria-hidden="true"
            className="blue write square large icon"
          />
        </a>
        <a
          onClick={[Function]}
        >
          <i
            aria-hidden="true"
            className="red close large icon"
          />
        </a>
      </div>
      <a
        className="item"
        onClick={[Function]}
      >
        <i
          aria-hidden="true"
          className="plus large icon"
        />
      </a>
    </div>
    <div
      className="inline field"
    >
      <div
        className="ui grid"
      >
        <div
          className="stretched row"
        >
          <div
            className="twelve wide column"
          >
            <div
              className="wrapper"
            >
              <label>
                Add new field
              </label>
            </div>
            <div
              className="toolbar"
            >
              <a
                className="item"
                onClick={[Function]}
              >
                <i
                  aria-hidden="true"
                  className="blue plus large icon"
                />
              </a>
            </div>
          </div>
        </div>
      </div>
    </div>
  </div>
</div>
`;
