// Jest Snapshot v1, https://goo.gl/fbAQLP

exports[`renders a text widget component 1`] = `
<div
  className="inline field"
  id="undefined-my-field"
>
  <div
    className="ui grid"
  >
    <div
      className="stretched row"
    >
      <div
        className="four wide column"
      >
        <div
          className="wrapper"
        >
          <label
            htmlFor="field-my-field"
          >
            My field
          </label>
        </div>
      </div>
      <div
        className="eight wide column"
      >
        <div
          className="ui input"
        >
          <input
            disabled={false}
            id="field-my-field"
            name="my-field"
            onChange={[Function]}
            type="text"
            value=""
          />
        </div>
      </div>
    </div>
  </div>
</div>
`;
