// Jest Snapshot v1, https://goo.gl/fbAQLP

exports[`Comments renders a comments component 1`] = `
<div
  className="comments"
>
  <div
    className="comment"
  >
    <div
      className="ui stackable grid"
    >
      <div
        className="six wide column"
      >
        <span>
          <span>
            admin
          </span>
           says:
        </span>
      </div>
      <div
        className="right aligned six wide column"
      >
        <span
          title="Sunday, April 23, 2017 3:38 AM"
        >
          a few seconds ago
        </span>
      </div>
    </div>
    <div
      className="ui clearing segment"
    >
      Some comment
      <button
        className="ui red right floated button"
        onClick={[Function]}
        value="someurl"
      >
        <span>
          Delete
        </span>
      </button>
      <button
        className="ui right floated button"
        onClick={[Function]}
        value={
          Object {
            "id": "someurl",
            "text": "Some comment",
          }
        }
      >
        <span>
          Edit
        </span>
      </button>
    </div>
    <br />
  </div>
  <div
    className="ui container"
  >
    <form
      className="ui form"
      method="post"
      onSubmit={[Function]}
    >
      <div
        className="ui raised segments"
      >
        <div
          className="ui segment"
        >
          <div
            className="ui segment primary"
          >
            Comment
          </div>
          <div
            className="inline required field textarea"
            id="undefined-comment"
          >
            <div
              className="ui grid"
            >
              <div
                className="stretched row"
              >
                <div
                  className="four wide column"
                >
                  <div
                    className="wrapper"
                  >
                    <label
                      htmlFor="field-comment"
                    >
                      Comment
                    </label>
                  </div>
                </div>
                <div
                  className="eight wide column"
                >
                  <textarea
                    disabled={false}
                    id="field-comment"
                    name="comment"
                    onChange={[Function]}
                    onInput={[Function]}
                    rows={3}
                    style={
                      Object {
                        "resize": "",
                      }
                    }
                    value=""
                  />
                </div>
              </div>
            </div>
          </div>
        </div>
        <div
          className="ui clearing segment actions"
        >
          <button
            className="ui big basic circular icon primary right floated button"
            onClick={[Function]}
            title="Comment"
            type="submit"
          >
            <i
              aria-hidden="true"
              className="arrow right icon"
            />
          </button>
        </div>
      </div>
    </form>
  </div>
</div>
`;
