// Jest Snapshot v1, https://goo.gl/fbAQLP

exports[`renders a view text component 1`] = `
<h2>
  My header
</h2>
`;
