// Jest Snapshot v1, https://goo.gl/fbAQLP

exports[`ModerateComments renders a moderate comments component 1`] = `
<div
  id="page-moderate-comments"
>
  <div
    id="modal"
  />
  <div
    className="ui container"
  >
    <article
      id="content"
    >
      <header>
        <h1
          className="documentFirstHeading"
        >
          <span>
            Moderate comments
          </span>
        </h1>
      </header>
      <section
        id="content-core"
      >
        <table
          className="ui single line striped compact table"
        >
          <thead
            className=""
          >
            <tr
              className=""
            >
              <th
                className=""
              >
                <span>
                  Commenter
                </span>
              </th>
              <th
                className=""
              >
                <span>
                  Date
                </span>
              </th>
              <th
                className=""
              >
                <span>
                  Comment
                </span>
              </th>
              <th
                className=""
              >
                <span>
                  Action
                </span>
              </th>
            </tr>
          </thead>
          <tbody
            className=""
          />
        </table>
      </section>
    </article>
  </div>
  <div
    id="Portal"
  />
</div>
`;
