// Jest Snapshot v1, https://goo.gl/fbAQLP

exports[`renders an edit description tile component 1`] = `<div />`;
