// Jest Snapshot v1, https://goo.gl/fbAQLP

exports[`renders an edit title tile component 1`] = `<div />`;
